Format of the initialization string does not conform to specification starting at index 0.