Invalid connection string. 'host' value must be supplied. e.g: "host=myServer"