The 'PrefetchCount' connection string option has been removed. Use 'EndpointConfiguration.LimitMessageProcessingConcurrencyTo' instead.