The 'MaxWaitTimeForConfirms' connection string option has been removed. Consult the documentation for further information